/Users/pratiksha/ADV.Java_mini/src/main/java/com/smartvillage/dto/LoginRequest.java
/Users/pratiksha/ADV.Java_mini/src/main/java/com/smartvillage/service/CertificateService.java
/Users/pratiksha/ADV.Java_mini/src/main/java/com/smartvillage/security/WebSecurityConfig.java
/Users/pratiksha/ADV.Java_mini/src/main/java/com/smartvillage/service/AnalyticsService.java
/Users/pratiksha/ADV.Java_mini/src/main/java/com/smartvillage/repository/TransparencyRecordRepository.java
/Users/pratiksha/ADV.Java_mini/src/main/java/com/smartvillage/service/AuthService.java
/Users/pratiksha/ADV.Java_mini/src/main/java/com/smartvillage/dto/JwtResponse.java
/Users/pratiksha/ADV.Java_mini/src/main/java/com/smartvillage/dto/ApplicationDTO.java
/Users/pratiksha/ADV.Java_mini/src/main/java/com/smartvillage/service/ApplicationService.java
/Users/pratiksha/ADV.Java_mini/src/main/java/com/smartvillage/repository/RoleRepository.java
/Users/pratiksha/ADV.Java_mini/src/main/java/com/smartvillage/entity/Application.java
/Users/pratiksha/ADV.Java_mini/src/main/java/com/smartvillage/repository/ComplaintRepository.java
/Users/pratiksha/ADV.Java_mini/src/main/java/com/smartvillage/repository/UserRepository.java
/Users/pratiksha/ADV.Java_mini/src/main/java/com/smartvillage/security/UserDetailsServiceImpl.java
/Users/pratiksha/ADV.Java_mini/src/main/java/com/smartvillage/service/PaymentService.java
/Users/pratiksha/ADV.Java_mini/src/main/java/com/smartvillage/config/DataInitializer.java
/Users/pratiksha/ADV.Java_mini/src/main/java/com/smartvillage/entity/User.java
/Users/pratiksha/ADV.Java_mini/src/main/java/com/smartvillage/entity/Role.java
/Users/pratiksha/ADV.Java_mini/src/main/java/com/smartvillage/repository/ApplicationRepository.java
/Users/pratiksha/ADV.Java_mini/src/main/java/com/smartvillage/controller/AdminController.java
/Users/pratiksha/ADV.Java_mini/src/main/java/com/smartvillage/repository/PaymentRepository.java
/Users/pratiksha/ADV.Java_mini/src/main/java/com/smartvillage/entity/Complaint.java
/Users/pratiksha/ADV.Java_mini/src/main/java/com/smartvillage/repository/SchemeRepository.java
/Users/pratiksha/ADV.Java_mini/src/main/java/com/smartvillage/controller/HomeController.java
/Users/pratiksha/ADV.Java_mini/src/main/java/com/smartvillage/service/TransparencyService.java
/Users/pratiksha/ADV.Java_mini/src/main/java/com/smartvillage/repository/CertificateRepository.java
/Users/pratiksha/ADV.Java_mini/src/main/java/com/smartvillage/repository/NotificationRepository.java
/Users/pratiksha/ADV.Java_mini/src/main/java/com/smartvillage/security/JwtUtils.java
/Users/pratiksha/ADV.Java_mini/src/main/java/com/smartvillage/service/NotificationService.java
/Users/pratiksha/ADV.Java_mini/src/main/java/com/smartvillage/dto/SignupRequest.java
/Users/pratiksha/ADV.Java_mini/src/main/java/com/smartvillage/security/AuthTokenFilter.java
/Users/pratiksha/ADV.Java_mini/src/main/java/com/smartvillage/controller/CitizenController.java
/Users/pratiksha/ADV.Java_mini/src/main/java/com/smartvillage/entity/Payment.java
/Users/pratiksha/ADV.Java_mini/src/main/java/com/smartvillage/controller/WebController.java
/Users/pratiksha/ADV.Java_mini/src/main/java/com/smartvillage/security/UserDetailsImpl.java
/Users/pratiksha/ADV.Java_mini/src/main/java/com/smartvillage/controller/AuthController.java
/Users/pratiksha/ADV.Java_mini/src/main/java/com/smartvillage/GramPanchayatApplication.java
/Users/pratiksha/ADV.Java_mini/src/main/java/com/smartvillage/service/ComplaintService.java
/Users/pratiksha/ADV.Java_mini/src/main/java/com/smartvillage/entity/Certificate.java
/Users/pratiksha/ADV.Java_mini/src/main/java/com/smartvillage/entity/Scheme.java
/Users/pratiksha/ADV.Java_mini/src/main/java/com/smartvillage/dto/MessageResponse.java
/Users/pratiksha/ADV.Java_mini/src/main/java/com/smartvillage/dto/ComplaintDTO.java
/Users/pratiksha/ADV.Java_mini/src/main/java/com/smartvillage/entity/Notification.java
/Users/pratiksha/ADV.Java_mini/src/main/java/com/smartvillage/service/SchemeService.java
/Users/pratiksha/ADV.Java_mini/src/main/java/com/smartvillage/SmartVillageApplication.java
/Users/pratiksha/ADV.Java_mini/src/main/java/com/smartvillage/entity/TransparencyRecord.java
